<?xml version="1.0" encoding="utf-8"?><testsuites><testsuite name="pytest" errors="0" failures="0" skipped="2" tests="177" time="55.649" timestamp="2025-02-27T01:48:16.538470+07:00" hostname="Alien.local"><testcase classname="tests.selenium_tests.test_export_csv" name="test_export_as_csv[chrome]" file="tests/selenium_tests/test_export_csv.py" line="31" time="1.341" /><testcase classname="tests.selenium_tests.test_export_csv" name="test_datetime_format_ajax[chrome-dt-l, d F Y]" file="tests/selenium_tests/test_export_csv.py" line="51" time="10.979" /><testcase classname="tests.selenium_tests.test_export_csv" name="test_datetime_format_ajax[chrome-dt-d F Y]" file="tests/selenium_tests/test_export_csv.py" line="51" time="1.957" /><testcase classname="tests.selenium_tests.test_export_csv" name="test_datetime_format_ajax[chrome-dt-H:i]" file="tests/selenium_tests/test_export_csv.py" line="51" time="1.961" /><testcase classname="tests.selenium_tests.test_export_csv" name="test_datetime_format_ajax[chrome-d-l, d F Y]" file="tests/selenium_tests/test_export_csv.py" line="51" time="1.963" /><testcase classname="tests.selenium_tests.test_export_csv" name="test_datetime_format_ajax[chrome-d-d F Y]" file="tests/selenium_tests/test_export_csv.py" line="51" time="1.968" /><testcase classname="tests.selenium_tests.test_export_csv" name="test_datetime_format_ajax[chrome-d-H:i]" file="tests/selenium_tests/test_export_csv.py" line="51" time="1.974" /><testcase classname="tests.selenium_tests.test_export_csv" name="test_datetime_format_ajax[chrome-t-l, d F Y]" file="tests/selenium_tests/test_export_csv.py" line="51" time="1.975" /><testcase classname="tests.selenium_tests.test_export_csv" name="test_datetime_format_ajax[chrome-t-d F Y]" file="tests/selenium_tests/test_export_csv.py" line="51" time="1.958" /><testcase classname="tests.selenium_tests.test_export_csv" name="test_datetime_format_ajax[chrome-t-H:i]" file="tests/selenium_tests/test_export_csv.py" line="51" time="1.964" /><testcase classname="tests.selenium_tests.test_export_xls" name="test_export_xls[chrome]" file="tests/selenium_tests/test_export_xls.py" line="14" time="0.377" /><testcase classname="tests.selenium_tests.test_mass_update" name="test_mass_update_1[chrome]" file="tests/selenium_tests/test_mass_update.py" line="15" time="15.605" /><testcase classname="tests.test_api.TestExportQuerySetAsCsv" name="test_callable_method" file="tests/test_api.py" line="47" time="0.010" /><testcase classname="tests.test_api.TestExportQuerySetAsCsv" name="test_deep_attr" file="tests/test_api.py" line="57" time="0.003" /><testcase classname="tests.test_api.TestExportQuerySetAsCsv" name="test_default_params" file="tests/test_api.py" line="17" time="0.003" /><testcase classname="tests.test_api.TestExportQuerySetAsCsv" name="test_header_is_true" file="tests/test_api.py" line="27" time="0.003" /><testcase classname="tests.test_api.TestExportQuerySetAsCsv" name="test_queryset_values" file="tests/test_api.py" line="36" time="0.003" /><testcase classname="tests.test_api.TestExportAsCsv" name="test_dialect" file="tests/test_api.py" line="80" time="0.007" /><testcase classname="tests.test_api.TestExportAsCsv" name="test_export_as_csv" file="tests/test_api.py" line="69" time="0.007" /><testcase classname="tests.test_api.TestExportAsExcel" name="test_default_params" file="tests/test_api.py" line="99" time="0.008" /><testcase classname="tests.test_api.TestExportAsExcel" name="test_export_as_xls" file="tests/test_api.py" line="115" time="0.009" /><testcase classname="tests.test_api.TestExportAsExcel" name="test_header_is_true" file="tests/test_api.py" line="105" time="0.010" /><testcase classname="tests.test_api.TestExportQuerySetAsExcel" name="test_callable_method" file="tests/test_api.py" line="145" time="0.015" /><testcase classname="tests.test_api.TestExportQuerySetAsExcel" name="test_queryset_values" file="tests/test_api.py" line="133" time="0.010" /><testcase classname="tests.test_bulk_update.BulkUpdateMemoryFileUploadHandlerTest" name="test_bulk_update_with_foreign_key" file="tests/test_bulk_update.py" line="225" time="0.091" /><testcase classname="tests.test_bulk_update.BulkUpdateMemoryFileUploadHandlerTest" name="test_bulk_update_with_one_to_one_field" file="tests/test_bulk_update.py" line="210" time="0.119" /><testcase classname="tests.test_bulk_update.BulkUpdateMemoryFileUploadHandlerTest" name="test_clean_on" file="tests/test_bulk_update.py" line="149" time="0.080" /><testcase classname="tests.test_bulk_update.BulkUpdateMemoryFileUploadHandlerTest" name="test_index_required" file="tests/test_bulk_update.py" line="191" time="0.093" /><testcase classname="tests.test_bulk_update.BulkUpdateMemoryFileUploadHandlerTest" name="test_messages" file="tests/test_bulk_update.py" line="166" time="0.164" /><testcase classname="tests.test_bulk_update.BulkUpdateMemoryFileUploadHandlerTest" name="test_no_header" file="tests/test_bulk_update.py" line="131" time="0.103" /><testcase classname="tests.test_bulk_update.BulkUpdateMemoryFileUploadHandlerTest" name="test_no_permission" file="tests/test_bulk_update.py" line="121" time="0.047" /><testcase classname="tests.test_bulk_update.BulkUpdateMemoryFileUploadHandlerTest" name="test_signal_end" file="tests/utils.py" line="207" time="0.083" /><testcase classname="tests.test_bulk_update.BulkUpdateMemoryFileUploadHandlerTest" name="test_signal_requested" file="tests/utils.py" line="165" time="0.039" /><testcase classname="tests.test_bulk_update.BulkUpdateMemoryFileUploadHandlerTest" name="test_signal_sent" file="tests/utils.py" line="131" time="0.090" /><testcase classname="tests.test_bulk_update.BulkUpdateMemoryFileUploadHandlerTest" name="test_signal_start" file="tests/utils.py" line="187" time="0.085" /><testcase classname="tests.test_bulk_update.BulkUpdateMemoryFileUploadHandlerTest" name="test_simulate" file="tests/test_bulk_update.py" line="100" time="0.082" /><testcase classname="tests.test_bulk_update.BulkUpdateMemoryFileUploadHandlerTest" name="test_wrong_mapping" file="tests/test_bulk_update.py" line="196" time="0.112" /><testcase classname="tests.test_bulk_update.BulkUpdateTemporaryFileUploadHandlerTest" name="test_bulk_update_with_foreign_key" file="tests/test_bulk_update.py" line="225" time="0.069" /><testcase classname="tests.test_bulk_update.BulkUpdateTemporaryFileUploadHandlerTest" name="test_bulk_update_with_one_to_one_field" file="tests/test_bulk_update.py" line="210" time="0.107" /><testcase classname="tests.test_bulk_update.BulkUpdateTemporaryFileUploadHandlerTest" name="test_clean_on" file="tests/test_bulk_update.py" line="149" time="0.092" /><testcase classname="tests.test_bulk_update.BulkUpdateTemporaryFileUploadHandlerTest" name="test_index_required" file="tests/test_bulk_update.py" line="191" time="0.127" /><testcase classname="tests.test_bulk_update.BulkUpdateTemporaryFileUploadHandlerTest" name="test_messages" file="tests/test_bulk_update.py" line="166" time="0.166" /><testcase classname="tests.test_bulk_update.BulkUpdateTemporaryFileUploadHandlerTest" name="test_no_header" file="tests/test_bulk_update.py" line="131" time="0.083" /><testcase classname="tests.test_bulk_update.BulkUpdateTemporaryFileUploadHandlerTest" name="test_no_permission" file="tests/test_bulk_update.py" line="121" time="0.047" /><testcase classname="tests.test_bulk_update.BulkUpdateTemporaryFileUploadHandlerTest" name="test_signal_end" file="tests/utils.py" line="207" time="0.087" /><testcase classname="tests.test_bulk_update.BulkUpdateTemporaryFileUploadHandlerTest" name="test_signal_requested" file="tests/utils.py" line="165" time="0.040" /><testcase classname="tests.test_bulk_update.BulkUpdateTemporaryFileUploadHandlerTest" name="test_signal_sent" file="tests/utils.py" line="131" time="0.107" /><testcase classname="tests.test_bulk_update.BulkUpdateTemporaryFileUploadHandlerTest" name="test_signal_start" file="tests/utils.py" line="187" time="0.082" /><testcase classname="tests.test_bulk_update.BulkUpdateTemporaryFileUploadHandlerTest" name="test_simulate" file="tests/test_bulk_update.py" line="100" time="0.084" /><testcase classname="tests.test_bulk_update.BulkUpdateTemporaryFileUploadHandlerTest" name="test_wrong_mapping" file="tests/test_bulk_update.py" line="196" time="0.102" /><testcase classname="tests.test_byrows_update.TestByRowsUpdateAction" name="test_form_rows_count" file="tests/test_byrows_update.py" line="53" time="0.124" /><testcase classname="tests.test_byrows_update.TestByRowsUpdateAction" name="test_form_rows_edit" file="tests/test_byrows_update.py" line="95" time="0.119" /><testcase classname="tests.test_byrows_update.TestByRowsUpdateAction" name="test_form_rows_fields_exists" file="tests/test_byrows_update.py" line="69" time="0.069" /><testcase classname="tests.test_byrows_update.TestByRowsUpdateAction" name="test_no_permission" file="tests/test_byrows_update.py" line="43" time="0.047" /><testcase classname="tests.test_checks" name="test_checks" file="tests/test_checks.py" line="3" time="0.007" /><testcase classname="tests.test_create_extra_permissions_handler" name="test_post_migrate[1]" file="tests/test_create_extra_permissions_handler.py" line="11" time="0.009" /><testcase classname="tests.test_create_extra_permissions_handler" name="test_post_migrate[2]" file="tests/test_create_extra_permissions_handler.py" line="11" time="0.007" /><testcase classname="tests.test_create_extra_permissions_handler" name="test_app_config" file="tests/test_create_extra_permissions_handler.py" line="17" time="0.008" /><testcase classname="tests.test_duplicates.FindDuplicatesTest" name="test_no_permission" file="tests/test_duplicates.py" line="55" time="0.069" /><testcase classname="tests.test_duplicates.FindDuplicatesTest" name="test_signal_end" file="tests/utils.py" line="207" time="0.067" /><testcase classname="tests.test_duplicates.FindDuplicatesTest" name="test_signal_requested" file="tests/utils.py" line="165" time="0.038" /><testcase classname="tests.test_duplicates.FindDuplicatesTest" name="test_signal_sent" file="tests/utils.py" line="131" time="0.068" /><testcase classname="tests.test_duplicates.FindDuplicatesTest" name="test_signal_start" file="tests/utils.py" line="187" time="0.061" /><testcase classname="tests.test_duplicates.FindDuplicatesTest" name="test_validate_on" file="tests/test_duplicates.py" line="65" time="0.094" /><testcase classname="tests.test_exports.ExportAsFixtureTest" name="test_add_foreign_keys" file="tests/test_exports.py" line="70" time="0.075" /><testcase classname="tests.test_exports.ExportAsFixtureTest" name="test_no_permission" file="tests/test_exports.py" line="46" time="0.050" /><testcase classname="tests.test_exports.ExportAsFixtureTest" name="test_signal_end" file="tests/utils.py" line="207" time="0.054" /><testcase classname="tests.test_exports.ExportAsFixtureTest" name="test_signal_requested" file="tests/utils.py" line="165" time="0.039" /><testcase classname="tests.test_exports.ExportAsFixtureTest" name="test_signal_sent" file="tests/utils.py" line="131" time="0.053" /><testcase classname="tests.test_exports.ExportAsFixtureTest" name="test_signal_start" file="tests/utils.py" line="187" time="0.051" /><testcase classname="tests.test_exports.ExportAsFixtureTest" name="test_success" file="tests/test_exports.py" line="56" time="0.052" /><testcase classname="tests.test_exports.ExportDeleteTreeTest" name="test_custom_filename" file="tests/test_exports.py" line="139" time="0.081" /><testcase classname="tests.test_exports.ExportDeleteTreeTest" name="test_no_permission" file="tests/test_exports.py" line="104" time="0.052" /><testcase classname="tests.test_exports.ExportDeleteTreeTest" name="test_signal_end" file="tests/utils.py" line="207" time="0.091" /><testcase classname="tests.test_exports.ExportDeleteTreeTest" name="test_signal_requested" file="tests/utils.py" line="165" time="0.042" /><testcase classname="tests.test_exports.ExportDeleteTreeTest" name="test_signal_sent" file="tests/utils.py" line="131" time="0.057" /><testcase classname="tests.test_exports.ExportDeleteTreeTest" name="test_signal_start" file="tests/utils.py" line="187" time="0.052" /><testcase classname="tests.test_exports.ExportDeleteTreeTest" name="test_success" file="tests/test_exports.py" line="114" time="0.052" /><testcase classname="tests.test_exports.ExportAsCsvTest" name="test_custom_filename" file="tests/test_exports.py" line="195" time="0.091" /><testcase classname="tests.test_exports.ExportAsCsvTest" name="test_no_permission" file="tests/test_exports.py" line="170" time="0.051" /><testcase classname="tests.test_exports.ExportAsCsvTest" name="test_signal_end" file="tests/utils.py" line="207" time="0.068" /><testcase classname="tests.test_exports.ExportAsCsvTest" name="test_signal_requested" file="tests/utils.py" line="165" time="0.039" /><testcase classname="tests.test_exports.ExportAsCsvTest" name="test_signal_sent" file="tests/utils.py" line="131" time="0.065" /><testcase classname="tests.test_exports.ExportAsCsvTest" name="test_signal_start" file="tests/utils.py" line="187" time="0.088" /><testcase classname="tests.test_exports.ExportAsCsvTest" name="test_streaming_export" file="tests/test_exports.py" line="233" time="0.065" /><testcase classname="tests.test_exports.ExportAsCsvTest" name="test_success" file="tests/test_exports.py" line="180" time="0.067" /><testcase classname="tests.test_exports.ExportAsXlsTest" name="test_faster_export" file="tests/test_exports.py" line="410" time="0.022"><skipped type="pytest.skip" message="Impossible to reliably time different machine runs">/Users/sax/Documents/data/PROGETTI/saxix/django-adminactions/tests/test_exports.py:411: Impossible to reliably time different machine runs</skipped></testcase><testcase classname="tests.test_exports.ExportAsXlsTest" name="test_issue_93" file="tests/test_exports.py" line="381" time="0.060" /><testcase classname="tests.test_exports.ExportAsXlsTest" name="test_modeladmin_attributes" file="tests/test_exports.py" line="443" time="0.004" /><testcase classname="tests.test_exports.ExportAsXlsTest" name="test_no_permission" file="tests/test_exports.py" line="261" time="0.048" /><testcase classname="tests.test_exports.ExportAsXlsTest" name="test_signal_end" file="tests/utils.py" line="207" time="0.053" /><testcase classname="tests.test_exports.ExportAsXlsTest" name="test_signal_requested" file="tests/utils.py" line="165" time="0.040" /><testcase classname="tests.test_exports.ExportAsXlsTest" name="test_signal_sent" file="tests/utils.py" line="131" time="0.059" /><testcase classname="tests.test_exports.ExportAsXlsTest" name="test_signal_start" file="tests/utils.py" line="187" time="0.054" /><testcase classname="tests.test_exports.ExportAsXlsTest" name="test_success" file="tests/test_exports.py" line="271" time="0.094" /><testcase classname="tests.test_exports.ExportAsXlsTest" name="test_unicode" file="tests/test_exports.py" line="360" time="0.063" /><testcase classname="tests.test_exports.ExportAsXlsTest" name="test_use_display_ko" file="tests/test_exports.py" line="330" time="0.065" /><testcase classname="tests.test_exports.ExportAsXlsTest" name="test_use_display_ok" file="tests/test_exports.py" line="299" time="0.061" /><testcase classname="tests.test_graph.TestGraph" name="test_bargraph_apply" file="tests/test_graph.py" line="76" time="0.075" /><testcase classname="tests.test_graph.TestGraph" name="test_bargraph_configure" file="tests/test_graph.py" line="64" time="0.052" /><testcase classname="tests.test_graph.TestGraph" name="test_bargraph_invalid" file="tests/test_graph.py" line="88" time="0.051" /><testcase classname="tests.test_graph.TestGraph" name="test_piegraph_apply" file="tests/test_graph.py" line="52" time="0.051" /><testcase classname="tests.test_graph.TestGraph" name="test_piegraph_configure" file="tests/test_graph.py" line="40" time="0.048" /><testcase classname="tests.test_graph.TestGraph" name="test_signal_end" file="tests/utils.py" line="207" time="0.056" /><testcase classname="tests.test_graph.TestGraph" name="test_signal_requested" file="tests/utils.py" line="165" time="0.062" /><testcase classname="tests.test_graph.TestGraph" name="test_signal_sent" file="tests/utils.py" line="131" time="0.055" /><testcase classname="tests.test_graph.TestGraph" name="test_signal_start" file="tests/utils.py" line="187" time="0.051" /><testcase classname="tests.test_helpers" name="test_import_fixture_by_content" file="tests/test_helpers.py" line="9" time="0.131" /><testcase classname="tests.test_helpers" name="test_import_fixture_by_file" file="tests/test_helpers.py" line="19" time="0.127"><skipped type="pytest.xfail" message="" /></testcase><testcase classname="tests.test_mass_update" name="test_operationmanager_get" file="tests/test_mass_update.py" line="32" time="0.007" /><testcase classname="tests.test_mass_update" name="test_operationmanager_get_for_field" file="tests/test_mass_update.py" line="37" time="0.007" /><testcase classname="tests.test_mass_update.MassUpdateTest" name="test_async_qs" file="tests/test_mass_update.py" line="178" time="0.222" /><testcase classname="tests.test_mass_update.MassUpdateTest" name="test_async_single" file="tests/test_mass_update.py" line="186" time="0.097" /><testcase classname="tests.test_mass_update.MassUpdateTest" name="test_clean_on" file="tests/test_mass_update.py" line="156" time="0.115" /><testcase classname="tests.test_mass_update.MassUpdateTest" name="test_custom_form" file="tests/test_mass_update.py" line="128" time="0.064" /><testcase classname="tests.test_mass_update.MassUpdateTest" name="test_custom_modeladmin_form" file="tests/test_mass_update.py" line="109" time="0.062" /><testcase classname="tests.test_mass_update.MassUpdateTest" name="test_file_field" file="tests/test_mass_update.py" line="199" time="0.208" /><testcase classname="tests.test_mass_update.MassUpdateTest" name="test_file_field_prevent_async" file="tests/test_mass_update.py" line="207" time="0.107" /><testcase classname="tests.test_mass_update.MassUpdateTest" name="test_m2m_async" file="tests/test_mass_update.py" line="217" time="0.116" /><testcase classname="tests.test_mass_update.MassUpdateTest" name="test_m2m_sync" file="tests/test_mass_update.py" line="213" time="0.090" /><testcase classname="tests.test_mass_update.MassUpdateTest" name="test_messages" file="tests/test_mass_update.py" line="162" time="0.189" /><testcase classname="tests.test_mass_update.MassUpdateTest" name="test_no_permission" file="tests/test_mass_update.py" line="99" time="0.046" /><testcase classname="tests.test_mass_update.MassUpdateTest" name="test_signal_end" file="tests/utils.py" line="207" time="0.120" /><testcase classname="tests.test_mass_update.MassUpdateTest" name="test_signal_requested" file="tests/utils.py" line="165" time="0.039" /><testcase classname="tests.test_mass_update.MassUpdateTest" name="test_signal_sent" file="tests/utils.py" line="131" time="0.088" /><testcase classname="tests.test_mass_update.MassUpdateTest" name="test_signal_start" file="tests/utils.py" line="187" time="0.087" /><testcase classname="tests.test_mass_update.MassUpdateTest" name="test_validate_off" file="tests/test_mass_update.py" line="150" time="0.105" /><testcase classname="tests.test_mass_update.MassUpdateTest" name="test_validate_on" file="tests/test_mass_update.py" line="145" time="0.113" /><testcase classname="tests.test_merge.MergeTestApi" name="test_merge_ignore_related" file="tests/test_merge.py" line="142" time="0.128" /><testcase classname="tests.test_merge.MergeTestApi" name="test_merge_image" file="tests/test_merge.py" line="153" time="0.105" /><testcase classname="tests.test_merge.MergeTestApi" name="test_merge_one_to_one_field" file="tests/test_merge.py" line="127" time="0.107" /><testcase classname="tests.test_merge.MergeTestApi" name="test_merge_one_to_one_move_single" file="tests/test_merge.py" line="113" time="0.106" /><testcase classname="tests.test_merge.MergeTestApi" name="test_merge_success_commit" file="tests/test_merge.py" line="63" time="0.104" /><testcase classname="tests.test_merge.MergeTestApi" name="test_merge_success_fields_no_commit" file="tests/test_merge.py" line="47" time="0.105" /><testcase classname="tests.test_merge.MergeTestApi" name="test_merge_success_m2m" file="tests/test_merge.py" line="77" time="0.106" /><testcase classname="tests.test_merge.MergeTestApi" name="test_merge_success_m2m_all" file="tests/test_merge.py" line="88" time="0.109" /><testcase classname="tests.test_merge.MergeTestApi" name="test_merge_success_no_commit" file="tests/test_merge.py" line="34" time="0.104" /><testcase classname="tests.test_merge.MergeTestApi" name="test_merge_success_related_all" file="tests/test_merge.py" line="102" time="0.107" /><testcase classname="tests.test_merge.TestMergeAction" name="test_error_if_too_many_records" file="tests/test_merge.py" line="243" time="0.069" /><testcase classname="tests.test_merge.TestMergeAction" name="test_merge_delete_detail" file="tests/test_merge.py" line="325" time="0.099" /><testcase classname="tests.test_merge.TestMergeAction" name="test_merge_move_detail" file="tests/test_merge.py" line="289" time="0.110" /><testcase classname="tests.test_merge.TestMergeAction" name="test_no_permission" file="tests/test_merge.py" line="216" time="0.055" /><testcase classname="tests.test_merge.TestMergeAction" name="test_success" file="tests/test_merge.py" line="227" time="0.110" /><testcase classname="tests.test_merge.TestMergeAction" name="test_swap" file="tests/test_merge.py" line="253" time="0.129" /><testcase classname="tests.test_merge.TestMergeImageAction" name="test_success" file="tests/test_merge.py" line="402" time="0.142" /><testcase classname="tests.test_permissions" name="test_permission_needed[export_as_csv]" file="tests/test_permissions.py" line="12" time="0.064" /><testcase classname="tests.test_permissions" name="test_permission_needed[export_as_xls]" file="tests/test_permissions.py" line="12" time="0.058" /><testcase classname="tests.test_permissions" name="test_permission_needed[merge]" file="tests/test_permissions.py" line="12" time="0.071" /><testcase classname="tests.test_permissions" name="test_permission_needed[export_as_fixture]" file="tests/test_permissions.py" line="12" time="0.058" /><testcase classname="tests.test_permissions" name="test_permission_needed[export_delete_tree]" file="tests/test_permissions.py" line="12" time="0.057" /><testcase classname="tests.test_permissions" name="test_permission_needed[graph_queryset]" file="tests/test_permissions.py" line="12" time="0.058" /><testcase classname="tests.test_permissions" name="test_permission_needed[mass_update]" file="tests/test_permissions.py" line="12" time="0.074" /><testcase classname="tests.test_permissions" name="test_permissions" file="tests/test_permissions.py" line="61" time="0.010" /><testcase classname="tests.test_templatetags" name="test_link_fields_values[list]" file="tests/test_templatetags.py" line="7" time="0.012" /><testcase classname="tests.test_templatetags" name="test_link_fields_values[str]" file="tests/test_templatetags.py" line="7" time="0.012" /><testcase classname="tests.test_templatetags" name="test_link_fields_values[int]" file="tests/test_templatetags.py" line="7" time="0.007" /><testcase classname="tests.test_templatetags" name="test_fields_values" file="tests/test_templatetags.py" line="20" time="0.007" /><testcase classname="tests.test_transaction" name="test_nocommit" file="tests/test_transaction.py" line="22" time="0.007" /><testcase classname="tests.test_transaction" name="test_transaction_merge" file="tests/test_transaction.py" line="29" time="0.009" /><testcase classname="tests.test_transaction" name="test_transaction_mass_update" file="tests/test_transaction.py" line="43" time="0.235" /><testcase classname="tests.test_utils" name="test_get_verbose_name" file="tests/test_utils.py" line="7" time="0.007" /><testcase classname="tests.test_utils" name="test_flatten" file="tests/test_utils.py" line="31" time="0.007" /><testcase classname="tests.test_version" name="test_version" file="tests/test_version.py" line="5" time="0.007" /><testcase classname="tests.test_views" name="test_format_date" file="tests/test_views.py" line="10" time="0.008" /><testcase classname="tests.test_transaction.TestIsLibero" name="test_true" file="tests/test_transaction.py" line="77" time="0.019" /><testcase classname="src.adminactions.actions" name="adminactions.actions.add_to_site" file="src/adminactions/actions.py" line="42" time="0.010" /><testcase classname="src.adminactions.templatetags.massupdate" name="adminactions.templatetags.massupdate.fields_values" file="src/adminactions/templatetags/massupdate.py" line="22" time="0.001" /><testcase classname="src.adminactions.templatetags.massupdate" name="adminactions.templatetags.massupdate.link_fields_values" file="src/adminactions/templatetags/massupdate.py" line="36" time="0.001" /><testcase classname="src.adminactions.templatetags.merge" name="adminactions.templatetags.merge.form_widget" file="src/adminactions/templatetags/merge.py" line="11" time="0.001" /><testcase classname="src.adminactions.templatetags.merge" name="adminactions.templatetags.merge.form_widget_error" file="src/adminactions/templatetags/merge.py" line="23" time="0.001" /><testcase classname="src.adminactions.templatetags.merge" name="adminactions.templatetags.merge.form_widget_value" file="src/adminactions/templatetags/merge.py" line="35" time="0.001" /><testcase classname="src.adminactions.utils" name="adminactions.utils.flatten" file="src/adminactions/utils.py" line="245" time="0.001" /><testcase classname="src.adminactions.utils" name="adminactions.utils.get_attr" file="src/adminactions/utils.py" line="47" time="0.001" /><testcase classname="src.adminactions.utils" name="adminactions.utils.get_field_by_path" file="src/adminactions/utils.py" line="162" time="0.001" /><testcase classname="src.adminactions.utils" name="adminactions.utils.get_field_value" file="src/adminactions/utils.py" line="106" time="0.001" /><testcase classname="src.adminactions.utils" name="adminactions.utils.get_verbose_name" file="src/adminactions/utils.py" line="191" time="0.001" /><testcase classname="src.adminactions.utils" name="adminactions.utils.getattr_or_item" file="src/adminactions/utils.py" line="74" time="0.211" /></testsuite></testsuites>
